// Jest Snapshot v1, https://goo.gl/fbAQLP

exports[`GameComponent should render without throwing an error 1`] = `ReactWrapper {}`;
