// Jest Snapshot v1, https://goo.gl/fbAQLP

exports[`Button component Button toMatchSnapShot 1`] = `ShallowWrapper {}`;
